
> cobill@1.0.0 build
> vite build

[36mvite v7.3.1 [32mbuilding client environment for production...[36m[39m
transforming...
[32mÔ£ô[39m 43 modules transformed.
node.exe : [31mÔ£ù[39m Build fa
iled in 262ms
At line:1 char:1
+ & "C:\Program Files\nodejs/node
.exe" "C:\Program Files\nodejs/no
de_mo ...
+ ~~~~~~~~~~~~~~~~~~~~~~~~~~~~~~~
~~~~~~~~~~~~~~~~~~~~~~~~~~~~~~~~~
~~~~~
    + CategoryInfo          : No 
   tSpecified: ([31mÔ£ù[39m B  
  uild failed in 262ms:String)   
  [], RemoteException
    + FullyQualifiedErrorId : Na 
   tiveCommandError
 
[31merror during build:
[31m[vite:esbuild] Transform fai
led with 1 error:
C:/Users/fatih/Downloads/cobill/c
obill/src/pages/AddPersonalExpens
e.jsx:8:9: ERROR: The symbol "add
OneMonthSafely" has already been 
declared[31m
file: [36mC:/Users/fatih/Downloa
ds/cobill/cobill/src/pages/AddPer
sonalExpense.jsx:8:9[31m
[33m
[33mThe symbol "addOneMonthSafel
y" has already been declared[33m
6  |  import { getSupportedCurren
cies } from '../utils/currencyUti
ls';
7  |  import { addOneMonthSafely 
} from '../utils/recurringUtils';
8  |  import { addOneMonthSafely 
} from '../utils/recurringUtils';
   |           ^
9  |  import { useTranslation } f
rom 'react-i18next';
10 |  
[31m
    at failureErrorWithLog (C:\Us
ers\fatih\Downloads\cobill\cobill
\node_modules\esbuild\lib\main.js
:1467:15)
    at C:\Users\fatih\Downloads\c
obill\cobill\node_modules\esbuild
\lib\main.js:736:50
    at responseCallbacks.<compute
d> (C:\Users\fatih\Downloads\cobi
ll\cobill\node_modules\esbuild\li
b\main.js:603:9)
    at handleIncomingPacket (C:\U
sers\fatih\Downloads\cobill\cobil
l\node_modules\esbuild\lib\main.j
s:658:12)
    at Socket.readFromStdout (C:\
Users\fatih\Downloads\cobill\cobi
ll\node_modules\esbuild\lib\main.
js:581:7)
    at Socket.emit (node:events:5
08:28)
    at addChunk (node:internal/st
reams/readable:559:12)
    at readableAddChunkPushByteMo
de (node:internal/streams/readabl
e:510:3)
    at Readable.push (node:intern
al/streams/readable:390:5)
    at Pipe.onStreamRead (node:in
ternal/stream_base_commons:189:23
)[39m
